// Jest Snapshot v1, https://goo.gl/fbAQLP

exports[`Pruebas en main de <CounterApp/> Debe hacer match con el snapchat 1`] = `
<div>
  <h1>
    Counter App
  </h1>
  <h2>
     
    100
     
  </h2>
  <button>
    +1
  </button>
  <button>
    -1
  </button>
  <button>
    Reseat
  </button>
</div>
`;
